// Jest Snapshot v1, https://goo.gl/fbAQLP

exports[`ID of the requirements are unchanged. 1`] = `
Array [
  "College-AG-CALS Credits",
  "College-AG-Chemistry/Physics",
  "College-AG-Human Diversity (D)",
  "College-AG-Introductory Life Sciences/Biology",
  "College-AG-Physical and Life Sciences",
  "College-AG-Quantitative Literacy",
  "College-AG-Social Sciences and Humanities",
  "College-AG-Written and Oral Expression",
  "College-AG-Written Expression",
  "College-AS1-A&S Credits",
  "College-AS1-Distribution Requirement",
  "College-AS1-First-Year Writing Seminars (FWS)",
  "College-AS1-Foreign Language",
  "College-AS1-Geographic Breadth Requirement (GB)",
  "College-AS1-Historic Breadth Requirement (HB)",
  "College-AS1-PBS and MQR courses",
  "College-AS2-A&S Credits",
  "College-AS2-Distribution Requirements",
  "College-AS2-First-Year Writing Seminars (FWS)",
  "College-AS2-Foreign Language",
  "College-EN-Advisor-Approved Electives",
  "College-EN-Chemistry",
  "College-EN-Computing",
  "College-EN-Engineering Communications",
  "College-EN-Engineering Distribution",
  "College-EN-First-Year Writing Seminars",
  "College-EN-Introduction to Engineering",
  "College-EN-Liberal Studies: 6 courses",
  "College-EN-Mathematics",
  "College-EN-Physics",
  "College-HE-9 Credits In HE Outside Major",
  "College-HE-First-Year Writing Seminars",
  "College-HE-Human Ecology Credits",
  "College-IL-Distribution Requirement: Cultural Perspective",
  "College-IL-Distribution Requirement: Science & Technology",
  "College-IL-Distribution Requirement: Western Intellectual Tradition",
  "College-IL-Economic Policy Electives",
  "College-IL-Elective Requirements",
  "College-IL-First Year Core Requirements",
  "College-IL-First-Year Writing Seminars",
  "College-IL-ILR Advanced Writing Course",
  "College-IL-International & Comparative Labor Electives",
  "College-IL-Labor History Electives",
  "College-IL-Second Year Core Requirements",
  "College-UNI-Physical Education",
  "College-UNI-Swim Test",
  "Grad-MPA-Additional Foundation Coursework",
  "Grad-MPA-Colloquium Coursework",
  "Grad-MPA-Concentration Coursework",
  "Grad-MPA-Core Competency Foundation Coursework",
  "Grad-MPA-Professional Development Coursework",
  "Major-AEM-AEM Concentration Requirement",
  "Major-AEM-Applied Economics Requirements",
  "Major-AEM-CALS Credits",
  "Major-AEM-Economics Requirements",
  "Major-AEM-Grand Challenges Reqiurement Part 1: Written expression course",
  "Major-AEM-Grand Challenges Reqiurement Part 2: Pre-Project Weekend Immersion",
  "Major-AEM-Grand Challenges Reqiurement Part 3: Project Course",
  "Major-AEM-Management Requirements",
  "Major-AEM-Quantitative Methods Elective Requirements",
  "Major-AEM-Quantitative Methods Requirements",
  "Major-ANTHR-Introduction to Anthropological Theory",
  "Major-ANTHR-Sociocultural, Archaeological, and Biological Anthropology",
  "Major-ANTHR-Two 3000-level Courses",
  "Major-ANTHR-Two 4000-level Courses",
  "Major-ANTHR-Two Elective Courses",
  "Major-AS-Basic Physical Sciences",
  "Major-AS-Computer Science",
  "Major-AS-Core",
  "Major-AS-Electives",
  "Major-AS-Mathematics",
  "Major-AS-Statistics",
  "Major-ASTRO-Concentration",
  "Major-ASTRO-Experimental or Data Analysis Course in Astronomy",
  "Major-ASTRO-Introductory Mathematics Sequence",
  "Major-ASTRO-Introductory Physics Sequence",
  "Major-BE-BE Focus Area Elective",
  "Major-BE-Biochemistry",
  "Major-BE-Engineering Distributions",
  "Major-BE-Engineering Statistics",
  "Major-BE-Focus Area",
  "Major-BE-Intro Bio",
  "Major-BE-Organic Chemistry",
  "Major-BE-Required Major Courses",
  "Major-BIO-Biochemistry and Molecular Biology Part 1",
  "Major-BIO-College Mathematics",
  "Major-BIO-Concentration",
  "Major-BIO-Evolutionary Biology and Diversity",
  "Major-BIO-General Chemistry",
  "Major-BIO-Genetics and Genomics",
  "Major-BIO-Introductory Biology Cluster",
  "Major-BIO-Investigative Laboratory",
  "Major-BIO-Organic Chemistry",
  "Major-BIO-Physics",
  "Major-BME-Biomedical Engineering Concentrations",
  "Major-BME-Core Courses",
  "Major-BME-Engineering Distriubtions",
  "Major-BSOC-Biology Doundation (Depth requirement)",
  "Major-BSOC-Biology Foundation (Breadth)",
  "Major-BSOC-College Calculus",
  "Major-BSOC-Core Courses",
  "Major-BSOC-Ethics",
  "Major-BSOC-General Chemistry",
  "Major-BSOC-Introductory Biology",
  "Major-BSOC-Social Sciences/Humanities Foundation",
  "Major-BSOC-Statistics",
  "Major-BSOC-Theme",
  "Major-CE-Additional Science Course",
  "Major-CE-Capstone Design Elective",
  "Major-CE-Core Courses",
  "Major-CE-Engineering Distribution",
  "Major-CE-Two Design Electives",
  "Major-CE-Two Major-Approved Electives",
  "Major-CHEM-Electives",
  "Major-CHEM-General Chemistry",
  "Major-CHEM-Inorganic Laboratory",
  "Major-CHEM-Laboratory Core",
  "Major-CHEM-Laboratory Requirement",
  "Major-CHEM-Mathematics",
  "Major-CHEM-Organic Chemistry",
  "Major-CHEM-Physical Chemistry",
  "Major-CHEM-Physics",
  "Major-CHEME-Freshman Requirements",
  "Major-CHEME-Major-Approved Electives",
  "Major-CHEME-Semester 3",
  "Major-CHEME-Semester 4",
  "Major-CHEME-Semester 4: Biology Elective",
  "Major-CHEME-Semester 5",
  "Major-CHEME-Semester 6",
  "Major-CHEME-Semester 7",
  "Major-CHEME-Semester 8",
  "Major-COMM-Communication Practica",
  "Major-COMM-Core Courses",
  "Major-COMM-Data Literacy Courses",
  "Major-COMM-First-Year Writing Seminars (FWS)",
  "Major-COMM-Introduction to Concentration Courses",
  "Major-COMM-Introductory Statistics Class",
  "Major-COMM-Upper-Level COMM Electives",
  "Major-COMM-Upper-Level Concentration Courses",
  "Major-CRP-Core Classes",
  "Major-CRP-Distribution Requirements: 5 Courses",
  "Major-CRP-First-Year Writing Seminars",
  "Major-CRP-Five CRP Classes",
  "Major-CRP-Microeconomics",
  "Major-CRP-PBS and MQR courses",
  "Major-CRP-Statistics",
  "Major-CS-Computer Science Core",
  "Major-CS-CS Electives",
  "Major-CS-CS Practicum or Project",
  "Major-CS-External Specialization",
  "Major-CS-Introductory Programming",
  "Major-CS-Major-approved Elective(s)",
  "Major-CS-Probability",
  "Major-CS-Technical Electives",
  "Major-DEA-Core Courses",
  "Major-DEA-DEA Additional Requirements",
  "Major-DEA-DEA Thematic Courses",
  "Major-DEA-Human Development or Psychology",
  "Major-DEA-Humanities",
  "Major-DEA-Introductory Microeconomics",
  "Major-DEA-Natural Science I",
  "Major-DEA-Natural Science II",
  "Major-DEA-Research Methods Course",
  "Major-DEA-Statistics",
  "Major-EAS-Advisor-Approved Course in Math, Statistics, Computer Science, or Natural Science",
  "Major-EAS-Biology",
  "Major-EAS-Chemistry",
  "Major-EAS-Concentration",
  "Major-EAS-Field Work",
  "Major-EAS-Introductory Course",
  "Major-EAS-Mathematics",
  "Major-EAS-Physics",
  "Major-ECE-Advanced Programming/Computer Engineering",
  "Major-ECE-Core Courses",
  "Major-ECE-Culminating Design Experience (CDE)",
  "Major-ECE-Engineering Distribution",
  "Major-ECE-ENGRD 2300",
  "Major-ECE-Foundation Courses",
  "Major-ECE-Outside ECE Technical Electives",
  "Major-ECE-Probability and Statistics",
  "Major-ECE-Upper-Level ECE Electives",
  "Major-ECE-Upper-Level ECE Electives: 4000 level",
  "Major-ECON-4000-level Courses",
  "Major-ECON-Admission to the Major",
  "Major-ECON-Basic Requirements",
  "Major-ECON-Core Economics",
  "Major-ENGL-4000 or Above",
  "Major-ENGL-Concentration",
  "Major-ENGL-Pre-1800",
  "Major-ENGL-Total Credits",
  "Major-ENV-Biological Sciences",
  "Major-ENV-Core Courses",
  "Major-ENV-Design Electives",
  "Major-ENV-Earth Science",
  "Major-ENV-Engineering Distribution",
  "Major-ENV-Engineering Statistics",
  "Major-ENV-Laboratory Course",
  "Major-ENV-Major Approved Electives",
  "Major-ENV-Organic Chemistry",
  "Major-EP-Electronic Circuits Lab",
  "Major-EP-Experimental Physics Lab",
  "Major-EP-Major-approved Elective(s)",
  "Major-EP-Required Courses",
  "Major-ESS-Biology",
  "Major-ESS-Capstone Course",
  "Major-ESS-Chemistry/Physics",
  "Major-ESS-Concentration",
  "Major-ESS-Economics",
  "Major-ESS-Field/Engaged Experience",
  "Major-ESS-Foundation Course",
  "Major-ESS-Humanities",
  "Major-ESS-Social Science",
  "Major-ESS-Statistics",
  "Major-ESS-Sustainability Science Colloquium",
  "Major-FDSC-Biochemistry",
  "Major-FDSC-Calculus I",
  "Major-FDSC-Concentration",
  "Major-FDSC-Core Courses",
  "Major-FDSC-General Chemistry",
  "Major-FDSC-Introductory Biology Courses",
  "Major-FDSC-Microbiology (Lecture & Lab)",
  "Major-FDSC-Organic Chemistry",
  "Major-FDSC-Physics",
  "Major-FDSC-Statistics",
  "Major-FSAD-Art History",
  "Major-FSAD-Ethics-Sustainability",
  "Major-FSAD-Fashion Design Additional Courses",
  "Major-FSAD-Fashion Design Additional Requirements",
  "Major-FSAD-Fashion Design Core",
  "Major-FSAD-Introductory Economics",
  "Major-FSAD-Natural Science I",
  "Major-FSAD-Natural Science II",
  "Major-FSAD-Psychology",
  "Major-FSAD-Social Science",
  "Major-FSAD-Statistics",
  "Major-GOVT-Government Coursework",
  "Major-GOVT-Government Seminar",
  "Major-GOVT-Introductory Government Courses",
  "Major-GOVT-Tenth Government Course",
  "Major-HADM-Accounting; Real Estate Development",
  "Major-HADM-Employment Relations; HR; Law",
  "Major-HADM-First-Year Writing Seminars",
  "Major-HADM-Food and Beverage Management",
  "Major-HADM-Free Electives",
  "Major-HADM-HADM Electives",
  "Major-HADM-Information Systems",
  "Major-HADM-Management Communication",
  "Major-HADM-Non-HADM Electives",
  "Major-HADM-Operations",
  "Major-HADM-Properties Development and Management",
  "Major-HADM-Services Marketing",
  "Major-HADM-Strategy",
  "Major-HD-Additional HD Electives",
  "Major-HD-Additional Requirements",
  "Major-HD-Breadth Requirement",
  "Major-HD-Electives",
  "Major-HD-HD 3000/4000 electives",
  "Major-HD-HD 4000 electives",
  "Major-HD-Humanities",
  "Major-HD-Introductory Courses",
  "Major-HD-Natural Science I",
  "Major-HD-Natural Science II",
  "Major-HD-Scientific Research Methods",
  "Major-HD-Social Science",
  "Major-HD-Statistics",
  "Major-HIST-History Major Classes",
  "Major-HIST-Pre 1800 Classes",
  "Major-HIST-Seminars",
  "Major-INFO-Concentration",
  "Major-INFO-Core Courses",
  "Major-INFO-Electives",
  "Major-INFO-Programming and Math Requirements",
  "Major-ISST1-Economic, Organization, and Social Context",
  "Major-ISST1-Engineering Distributions",
  "Major-ISST1-Engineering Mathematics",
  "Major-ISST1-Information Systems",
  "Major-ISST1-Probability, Statistics, and Optimization",
  "Major-ISST1-Specialization",
  "Major-ISST2-Core Courses",
  "Major-ISST2-Engineering Distributions",
  "Major-ISST2-Engineering Mathematics",
  "Major-ISST2-Primary Concentration",
  "Major-ISST2-Secondary Concentration",
  "Major-ISST2-Two Major Approved Electives",
  "Major-LING-Additional Courses: 1000 or above",
  "Major-LING-Additional Courses: 2000 or above",
  "Major-LING-Additional Courses: 3000 or above",
  "Major-LING-Additional Courses: 3000 or above, CU-UGR",
  "Major-LING-Ancillary Skills Courses",
  "Major-LING-Foundation Courses",
  "Major-MATH-Algebra",
  "Major-MATH-Analysis",
  "Major-MATH-Concentration",
  "Major-MATH-Linear Algebra",
  "Major-MATH-Multivariable Calculus",
  "Major-MATH-Programming Course",
  "Major-ME-Design Requirement",
  "Major-ME-Engineering Distriubtions",
  "Major-ME-M.E. Major Electives",
  "Major-ME-Mathematics Elective",
  "Major-ME-Required Major Courses",
  "Major-ME-Technical Elective",
  "Major-MSE-Advanced Math",
  "Major-MSE-Core Courses",
  "Major-MSE-Junior Courses",
  "Major-MSE-Materials Applications Electives: 2 categories",
  "Major-MSE-Materials Applications Electives: 3 courses",
  "Major-MSE-Materials Electives",
  "Major-MSE-MSE Engineering Distributions",
  "Major-MSE-Outside Technical Elective",
  "Major-MSE-Senior Design",
  "Major-MSE-Senior Lab or Thesis",
  "Major-ORIE-Engineering Distribution Courses",
  "Major-ORIE-Major Approved Electives (Non–ORIE)",
  "Major-ORIE-Major Required Classes",
  "Major-ORIE-ORIE Electives",
  "Major-PAM-Additional PAM Electives",
  "Major-PAM-Additional Requirements",
  "Major-PAM-Core Courses",
  "Major-PAM-Electives",
  "Major-PAM-Ethics",
  "Major-PAM-Government",
  "Major-PAM-Human Development or Psychology",
  "Major-PAM-Introduction to Sociology",
  "Major-PAM-Introductory Microeconomics",
  "Major-PAM-Mathematics",
  "Major-PAM-Natural Science I",
  "Major-PAM-Natural Science II",
  "Major-PAM-PAM 3000/4000 Electives",
  "Major-PHYS-Concentration",
  "Major-PHYS-Mathematics",
  "Major-PHYS-Modern Physics",
  "Major-PHYS-Physics Core",
  "Major-PHYS-Physics Intermediate Courses",
  "Major-PHYS-Physics Lab",
  "Major-PSYCH-Credit Requirements",
  "Major-PSYCH-General Requirements",
  "Major-PSYCH-Statistics Requirements",
  "Major-SPAN-Core Courses",
  "Major-SPAN-Electives",
  "Major-SPAN-Senior Seminar",
  "Major-STS-2000 Level STS Courses",
  "Major-STS-3000+ STS Courses",
  "Major-STS-4000+ STS Courses",
  "Major-STS-Core Course",
  "Major-STS-One S&TS course",
  "Major-STS-Science Requirement",
  "Major-VIEN-Chemistry",
  "Major-VIEN-Major-approved Elective(s)",
  "Major-VIEN-Physical Science Core",
  "Major-VIEN-Plant Science",
  "Major-VIEN-Statistics",
  "Major-VIEN-Viticulture & Enology Core",
  "Minor-AEROSPACE-Group A",
  "Minor-AEROSPACE-Group B or C",
  "Minor-ANIMALSCIENCE-Categories",
  "Minor-APPLIEDECON-Applied Economics",
  "Minor-APPLIEDECON-Economic Theory or Practice",
  "Minor-APPLIEDECON-Introductory Economics",
  "Minor-APPLIEDMATH-6 courses",
  "Minor-APPLIEDMATH-MATH 2930 and MATH 2940",
  "Minor-BU-Finance",
  "Minor-BU-Financial Accounting",
  "Minor-BU-Introduction to Management",
  "Minor-BU-Introduction to Marketing",
  "Minor-BU-Microeconomics Prerequisite",
  "Minor-BU-Statistics Prerequisite",
  "Minor-COGSCI-Introductory Requirement",
  "Minor-COGSCI-Lab Requirement",
  "Minor-COGSCI-Three Courses at the 3000 or 4000 Level",
  "Minor-CS-4 CS courses numbered 3000 or higher",
  "Minor-CS-Requirement 1",
  "Minor-CS-Requirement 2",
  "Minor-DBME-Accounting principles",
  "Minor-DBME-Capstone course",
  "Minor-DBME-Career goals",
  "Minor-DBME-Finance",
  "Minor-DBME-Introduction to basic business concepts",
  "Minor-DBME-Introductory Microeconomics",
  "Minor-DEA-DEA Core Courses",
  "Minor-DEA-Upper level DEA thematic courses",
  "Minor-DS-Categories",
  "Minor-DS-Core Computing",
  "Minor-DS-Core Statistics",
  "Minor-EAS-Additional Core Courses",
  "Minor-EAS-Additional Courses: 3000 or above",
  "Minor-EAS-The Earth System",
  "Minor-ECE-3000+ Courses",
  "Minor-ECE-4000+ Courses",
  "Minor-ECE-Requirement 1",
  "Minor-ECE-Requirement 2",
  "Minor-GAMEDESIGN-4 Additional Courses",
  "Minor-GAMEDESIGN-Requirement 1",
  "Minor-GAMEDESIGN-Requirement 2",
  "Minor-HD-Human Development: 4 courses",
  "Minor-HD-Human Development: 6 credits",
  "Minor-HD-Introductory Course",
  "Minor-HP-3000/4000+ Level",
  "Minor-HP-Additional Course",
  "Minor-HP-PAM 2350",
  "Minor-INEQ-Inequality Core Course",
  "Minor-INEQ-Inequality Electives",
  "Minor-INEQ-Inequality Overview Course",
  "Minor-ISST-Concentration",
  "Minor-ISST-Elective",
  "Minor-LING-Additional Course: 1000 or above",
  "Minor-LING-Additional Course: 2000 or above",
  "Minor-LING-Additional Course: 3000 or above",
  "Minor-LING-Foundation Course",
  "Minor-LING-Introduction to Linguistics",
  "Minor-MATH-Four 3000 or 4000 level MATH courses",
  "Minor-MATH-Math Minor Prerequisites",
  "Minor-ORMS-OR/MS Minor Requirement 1",
  "Minor-ORMS-OR/MS Minor Requirement 2",
  "Minor-POLICY-3 Electives",
  "Minor-POLICY-Gateway Course",
  "Minor-POLICY-Methods Course",
  "Minor-PSYCH-18 Credits in Psychology",
  "Minor-ROBOTICS-Fundamentals Courses",
  "Minor-ROBOTICS-Specialization Courses",
  "Minor-SPAN-3 Electives",
  "Minor-SPAN-Advanced Language Course",
  "Minor-SPAN-Perspectives Course",
]
`;
